"app_id","session_id","session_index","previous_session_id","session_first_event_id","session_last_event_id","start_tstamp","end_tstamp","model_tstamp","user_id","device_user_id","network_userid","stitched_user_id","session_duration_s","has_install","screen_views","screen_names_viewed","app_errors","fatal_app_errors","first_event_name","last_event_name","first_screen_view_name","first_screen_view_transition_type","first_screen_view_type","last_screen_view_name","last_screen_view_transition_type","last_screen_view_type","platform","dvce_screenwidth","dvce_screenheight","device_manufacturer","device_model","os_type","os_version","android_idfa","apple_idfa","apple_idfv","open_idfa","device_latitude","device_longitude","device_latitude_longitude_accuracy","device_altitude","device_altitude_accuracy","device_bearing","device_speed","geo_country","geo_region","geo_city","geo_zipcode","geo_latitude","geo_longitude","geo_region_name","geo_timezone","user_ipaddress","useragent","name_tracker","v_tracker","carrier","network_technology","network_type","first_build","last_build","first_version","last_version"
,"0920d602-10ed-4e72-ae19-b76d01d075d7","11",ab678146-c850-4d08-b6b2-7958cdbd1af1,"1f7e29bc-ff9f-4b52-ab36-6465f384f821","5a2c7e63-1760-4179-97b1-44feccaac59d",2021-03-26 10:50:33.976,2021-03-26 11:08:47.193,2022-06-29 12:35:35.110,dupe: event_id different collector_tstamp,"7813445e-40ed-4306-8d92-01cefe2235c7",e68a0fa1790f352c6d081929f1b443a17b2e6ec3347e13768bbf7078ac0483b8,"7813445e-40ed-4306-8d92-01cefe2235c7",1093,false,39,1,,,application_foreground,screen_view,na,na,na,na,na,na,mob,720,1358,,,,,,,,,,,,,,,,IT,GE,Genoa,"16167",44.4028,8.9448,Provincia di Genova,Europe/Rome,"4c935d47c83a3f4c4cd1e50d88388c000850768c23057dded5c8e1ee0a2be094",snowplow/andr-1.7.1 android/8.0.0,MobileAppNamespace,andr-1.7.1,,,,,,,
,c6cb06d3-6019-42c2-bef4-60eaf7085cdd,"11",ab678146-c850-4d08-b6b2-7958cdbd1af1,"1f7e29bc-ff9f-4b52-ab36-6465f384f821",db9754bb94677a6426b7ef0a4fad0d9a,2021-03-26 10:50:46.672,2021-03-26 10:50:51.526,2022-06-29 12:35:35.110,dupe: screen_view_id different derived_tstamp,"7813445e-40ed-4306-8d92-01cefe2235c7","0e77779ebe3beec35d423f1c1952b81d69ecda6325902921c8e761856835808d","7813445e-40ed-4306-8d92-01cefe2235c7",4,false,1,1,,,screen_view,screen_view,na,na,na,na,na,na,mob,720,1358,,,,,,,,,,,,,,,,IT,GE,Genoa,"16167",44.4028,8.9448,Provincia di Genova,Europe/Rome,"4c935d47c83a3f4c4cd1e50d88388c000850768c23057dded5c8e1ee0a2be094",snowplow/andr-1.7.1 android/8.0.0,MobileAppNamespace,andr-1.7.1,,,,,,,
,"9458a225-1ddc-4b09-8a77-6fd7c18b1943","9",ba9c9f06-5358-4396-90e9-c83c49750a45,f769ce1c-d0e4-4339-8b65-f8b85f5dfa3f,"38b6cf1e-0c4b-415d-af7a-b14e1d380da9",2021-03-27 13:57:55.079,2021-03-27 14:17:24.343,2022-06-29 12:35:35.110,No edge cases,a7208f5a-5e77-4351-8840-f28a3d2a6507,"3fdaffd4eb50602ea41848cce66ce9d37ab7f9373036ce6fe5c929fa95be3ef2","a7208f5a-5e77-4351-8840-f28a3d2a6507",1169,false,29,1,,,application_foreground,application_background,na,na,na,na,na,na,mob,1080,2016,,,,,,,,,,,,,,,,IE,L,Dublin,D02,53.3338,-6.2488,Leinster,Europe/Dublin,"8397d7e5c7f35131c86602c73e7a17885877bea1b6e2514a995518dc0fd6d11a",snowplow/andr-1.7.1 android/9,MobileAppNamespace,andr-1.7.1,,,,,,,
,ce997048-b49e-4bc4-be40-ed93729a54d3,"13","480d24d6-c469-4d3e-9a79-cb65fab14f58","24b72c12-4b59-4553-b8a5-c07e2a7e5a73","44d0c1d9-e389-4574-97bc-98077de7baa5",2021-03-07 22:46:37.102,2021-03-09 22:46:56.892,2022-06-29 12:35:35.110,long session,a7208f5a-5e77-4351-8840-f28a3d2a6507,"965767f709f40de7f92bdac06fffd78b7b645805d29986b739e193734416a2d2","a7208f5a-5e77-4351-8840-f28a3d2a6507",172819,false,2,1,,,application_foreground,screen_view,na,na,na,na,na,na,mob,1080,2016,,,,,,,,,,,,,,,,IE,L,Dublin,D02,53.3338,-6.2488,Leinster,Europe/Dublin,"8397d7e5c7f35131c86602c73e7a17885877bea1b6e2514a995518dc0fd6d11a",snowplow/andr-1.7.1 android/9,MobileAppNamespace,andr-1.7.1,,,,,,,
,bca0fa0e-853c-41cf-9cc4-15048f6f0ff5,"7",fa008142-c427-4289-8424-6fb2b6576692,"1548BE58-4CE7-4A32-A5E8-2696ECE941F4","60c958a1-f202-480c-90e5-b3561b0f020e",2021-04-21 11:34:15.657,2021-04-21 11:34:28.365,2022-06-29 12:35:35.110,NULL domain_userid,"7a62ec9d-2aa0-4426-b014-eba2d0dcfebb","68db430d2fbbd2966db71f94c0c0c256fd5c0c3bdafe3672958d0884f91dcd30","7a62ec9d-2aa0-4426-b014-eba2d0dcfebb",12,false,3,1,,,screen_view,application_foreground,na,na,na,na,na,na,mob,1170,2532,,,,,,,,,,,,,,,,DE,HE,Frankfurt am Main,"60313",50.1188,8.6843,Hesse,Europe/Berlin,"183e3a7a71fb2bf8873ce175784e33ef377f9633a5e5fb79ef24cab08fc9e6f3",SwiftRadio/6 CFNetwork/1220.1 Darwin/19.6.0,testTracker2,ios-2.0.0-beta.0,,,,,,,
,f231d3ce-e0b6-477c-bacd-d4d4eb32fe40,"5","9fbef5ad-a7cb-4dcc-8b9f-c99d6d4b49ea",FB7BC1A6-E4EA-47FE-97CA-CB1732EAABFC,"1012b463-07e9-4942-9a3d-ab82791bf7e2",2021-04-21 11:31:33.384,2021-04-21 11:31:40.461,2022-06-29 12:35:35.110,NULL screen_view_id,"7a62ec9d-2aa0-4426-b014-eba2d0dcfebb","68db430d2fbbd2966db71f94c0c0c256fd5c0c3bdafe3672958d0884f91dcd30","7a62ec9d-2aa0-4426-b014-eba2d0dcfebb",7,false,3,1,,,screen_view,application_background,na,na,na,na,na,na,mob,1170,2532,,,,,,,,,,,,,,,,DE,HE,Frankfurt am Main,"60313",50.1188,8.6843,Hesse,Europe/Berlin,"183e3a7a71fb2bf8873ce175784e33ef377f9633a5e5fb79ef24cab08fc9e6f3",SwiftRadio/6 CFNetwork/1220.1 Darwin/19.6.0,testTracker2,ios-2.0.0-beta.0,,,,,,,
,acab5892-8072-4269-aa48-803d8c73d0dd,"8","2052cafb-1408-4d63-9e3d-c9105e4a3056","6FFF2736-504A-42DE-80C7-C370AF638B9D",f18ab766-c457-4500-82eb-7aae37c7f457,2021-04-21 13:50:25.336,2021-04-21 13:50:44.231,2022-06-29 12:35:35.110,NULL session_id,dbc45c06-68e3-4430-b270-595905a83242,"68db430d2fbbd2966db71f94c0c0c256fd5c0c3bdafe3672958d0884f91dcd30",dbc45c06-68e3-4430-b270-595905a83242,18,false,,,,,application_background,application_foreground,,,,,,,mob,1170,2532,,,,,,,,,,,,,,,,DE,HE,Frankfurt am Main,"60313",50.1188,8.6843,Hesse,Europe/Berlin,"183e3a7a71fb2bf8873ce175784e33ef377f9633a5e5fb79ef24cab08fc9e6f3",SwiftRadio/6 CFNetwork/1220.1 Darwin/19.6.0,testTracker1,ios-2.0.0-beta.0,,,,,,,
