"user_id","device_user_id","network_userid","start_tstamp","end_tstamp","model_tstamp","screen_views","screen_names_viewed","sessions","sessions_duration_s","active_days","app_errors","fatal_app_errors","first_screen_view_name","first_screen_view_transition_type","first_screen_view_type","last_screen_view_name","last_screen_view_transition_type","last_screen_view_type","platform","dvce_screenwidth","dvce_screenheight","device_manufacturer","device_model","os_type","first_os_version","last_os_version","android_idfa","apple_idfa","apple_idfv","open_idfa","geo_country","geo_region","geo_city","geo_zipcode","geo_latitude","geo_longitude","geo_region_name","geo_timezone","first_carrier","last_carrier"
long session,a7208f5a-5e77-4351-8840-f28a3d2a6507,"965767f709f40de7f92bdac06fffd78b7b645805d29986b739e193734416a2d2",2021-03-07 22:46:37.102,2021-03-27 14:17:24.343,2022-06-29 12:35:55.247,31,2,2,173988,2,,,na,na,na,na,na,na,mob,1080,2016,,,,,,,,,,IE,L,Dublin,D02,53.3338,-6.2488,Leinster,Europe/Dublin,,
dupe: event_id different collector_tstamp,"7813445e-40ed-4306-8d92-01cefe2235c7",e68a0fa1790f352c6d081929f1b443a17b2e6ec3347e13768bbf7078ac0483b8,2021-03-26 10:50:33.976,2021-03-26 11:08:47.193,2022-06-29 12:35:55.247,40,2,2,1099,1,,,na,na,na,na,na,na,mob,720,1358,,,,,,,,,,IT,GE,Genoa,"16167",44.4028,8.9448,Provincia di Genova,Europe/Rome,,
NULL screen_view_id,"7a62ec9d-2aa0-4426-b014-eba2d0dcfebb","68db430d2fbbd2966db71f94c0c0c256fd5c0c3bdafe3672958d0884f91dcd30",2021-04-21 11:31:33.384,2021-04-21 11:34:28.365,2022-06-29 12:35:55.247,6,2,2,20,1,,,na,na,na,na,na,na,mob,1170,2532,,,,,,,,,,DE,HE,Frankfurt am Main,"60313",50.1188,8.6843,Hesse,Europe/Berlin,,
NULL session_id,dbc45c06-68e3-4430-b270-595905a83242,"68db430d2fbbd2966db71f94c0c0c256fd5c0c3bdafe3672958d0884f91dcd30",2021-04-21 13:50:25.336,2021-04-21 13:50:44.231,2022-06-29 12:35:55.247,,,1,19,1,,,,,,,,,mob,1170,2532,,,,,,,,,,DE,HE,Frankfurt am Main,"60313",50.1188,8.6843,Hesse,Europe/Berlin,,
